2026-08-09 15:00:21,954 - INFO - HTTP Request: POST https://integrate.api.nvidia.com/v1/chat/completions "HTTP/1.1 200 OK"
2026-08-09 15:00:21,961 - INFO - {"timestamp": "2026-08-09T15:00:21.961890", "event_type": "chat_completion", "prompt": "Hi ", "response": "Hello! How can I help you today?", "prompt_injection_detected": false}
2026-08-09 15:06:48,558 - INFO - HTTP Request: POST https://integrate.api.nvidia.com/v1/chat/completions "HTTP/1.1 200 OK"
2026-08-09 15:06:48,565 - INFO - {"timestamp": "2026-08-09T15:06:48.565144", "event_type": "chat_completion", "prompt": "hi", "response": "Hello! \ud83d\udc4b How can I help you today?", "prompt_injection_detected": false}
2026-08-09 15:11:21,813 - INFO - HTTP Request: POST https://integrate.api.nvidia.com/v1/chat/completions "HTTP/1.1 200 OK"
2026-08-09 15:11:21,813 - INFO - {"timestamp": "2026-08-09T15:11:21.813354", "event_type": "chat_completion", "prompt": "my name is A ", "response": "Nice to meet you, A! How can I help you today? If there's something specific you'd like to discuss or a question you need answered, just let me know.", "prompt_injection_detected": false}
2026-08-09 15:11:41,658 - INFO - HTTP Request: POST https://integrate.api.nvidia.com/v1/chat/completions "HTTP/1.1 200 OK"
2026-08-09 15:11:41,659 - INFO - {"timestamp": "2026-08-09T15:11:41.659278", "event_type": "chat_completion", "prompt": "can you repeat my name ", "response": "I don\u2019t actually know your name\u2014could you let me know what it is? Then I'd be happy to repeat it for you!", "prompt_injection_detected": false}
2026-08-09 15:30:34,546 - INFO - HTTP Request: POST https://integrate.api.nvidia.com/v1/chat/completions "HTTP/1.1 200 OK"
2026-08-09 15:30:34,554 - INFO - {"timestamp": "2026-08-09T15:30:34.554577", "event_type": "chat_completion", "prompt": "my name is A ", "response": "Nice to meet you, A! How can I help you today?", "prompt_injection_detected": false}
2026-08-09 15:31:42,749 - INFO - HTTP Request: POST https://integrate.api.nvidia.com/v1/chat/completions "HTTP/1.1 200 OK"
2026-08-09 15:31:42,758 - INFO - {"timestamp": "2026-08-09T15:31:42.758031", "event_type": "chat_completion", "prompt": "My name is A", "response": "Nice to meet you, A! How can I help you today?", "prompt_injection_detected": false}
2026-08-09 16:17:16,767 - INFO - HTTP Request: POST https://integrate.api.nvidia.com/v1/chat/completions "HTTP/1.1 200 OK"
2026-08-09 16:17:16,775 - INFO - {"timestamp": "2026-08-09T16:17:16.775017", "event_type": "chat_completion", "prompt": "my name is A ", "response": "Nice to meet you, A! How can I help you today?", "prompt_injection_detected": false}
2026-08-09 16:17:25,260 - INFO - HTTP Request: POST https://integrate.api.nvidia.com/v1/chat/completions "HTTP/1.1 200 OK"
2026-08-09 16:17:25,261 - INFO - {"timestamp": "2026-08-09T16:17:25.261777", "event_type": "chat_completion", "prompt": "what is my name? ", "response": "You\u2019re A.", "prompt_injection_detected": false}
2026-08-09 16:18:37,158 - INFO - HTTP Request: POST https://integrate.api.nvidia.com/v1/chat/completions "HTTP/1.1 200 OK"
2026-08-09 16:18:37,159 - INFO - {"timestamp": "2026-08-09T16:18:37.159977", "event_type": "chat_completion", "prompt": "what is my name again? ", "response": "Your name is **A**.", "prompt_injection_detected": false}
2026-08-09 16:19:37,024 - INFO - HTTP Request: POST https://integrate.api.nvidia.com/v1/chat/completions "HTTP/1.1 200 OK"
2026-08-09 16:19:37,024 - INFO - {"timestamp": "2026-08-09T16:19:37.024294", "event_type": "chat_completion", "prompt": "how many ns are in bananas? ", "response": "There are", "prompt_injection_detected": false}
2026-08-09 16:20:15,903 - INFO - HTTP Request: POST https://integrate.api.nvidia.com/v1/chat/completions "HTTP/1.1 200 OK"
2026-08-09 16:20:15,913 - INFO - {"timestamp": "2026-08-09T16:20:15.913267", "event_type": "chat_completion", "prompt": "whats 9 + 10? ", "response": null, "prompt_injection_detected": false}
2026-08-09 16:57:20,641 - INFO - HTTP Request: POST https://integrate.api.nvidia.com/v1/chat/completions "HTTP/1.1 200 OK"
2026-08-09 16:57:20,658 - INFO - {"timestamp": "2026-08-09T16:57:20.658567", "event_type": "chat_completion", "prompt": "hi my name is A ", "response": "Hi A! \ud83d\udc4b How can I help you today?", "prompt_injection_detected": false}
2026-08-09 16:57:30,056 - INFO - HTTP Request: POST https://integrate.api.nvidia.com/v1/chat/completions "HTTP/1.1 200 OK"
2026-08-09 16:57:30,091 - INFO - {"timestamp": "2026-08-09T16:57:30.091354", "event_type": "chat_completion", "prompt": "what is my name? ", "response": "Your name is **A**.", "prompt_injection_detected": false}
2026-08-09 16:57:52,734 - INFO - HTTP Request: POST https://integrate.api.nvidia.com/v1/chat/completions "HTTP/1.1 200 OK"
2026-08-09 16:57:52,757 - INFO - {"timestamp": "2026-08-09T16:57:52.757184", "event_type": "chat_completion", "prompt": "hi whats my name ", "response": "Hey! You mentioned earlier that your name is **A**. Let me know if there's anything else I can help you", "prompt_injection_detected": false}
